<testsuites id="" name="" tests="20" failures="15" skipped="0" errors="0" time="91.72026100000001">
<testsuite name="payment-flow.spec.ts" timestamp="2025-07-29T02:22:09.663Z" hostname="chromium" tests="4" failures="3" skipped="0" time="79.805" errors="0">
<testcase name="Payment Flow Tests › Complete quiz flow and verify payment unlocks results" classname="payment-flow.spec.ts" time="20.678">
<failure message="payment-flow.spec.ts:41:3 Complete quiz flow and verify payment unlocks results" type="FAILURE">
<![CDATA[  [chromium] › payment-flow.spec.ts:41:3 › Payment Flow Tests › Complete quiz flow and verify payment unlocks results 

    Error: expect.toContainText: Error: strict mode violation: locator('h1, h2') resolved to 4 elements:
        1) <h1 class="text-3xl sm:text-4xl md:text-5xl lg:text-7xl font-bold text-gray-900 mb-4 md:mb-6 leading-tight px-2 md:px-0">…</h1> aka getByRole('heading', { name: 'Your Best Fit Business Model' })
        2) <h2 class="text-2xl sm:text-3xl md:text-4xl font-bold text-gray-900 mb-3 md:mb-4">Your AI-Powered Business Blueprint</h2> aka getByRole('heading', { name: 'Your AI-Powered Business' })
        3) <h2 class="text-2xl font-bold">Your AI-Generated Insights</h2> aka getByRole('heading', { name: 'Your AI-Generated Insights' })
        4) <h2 class="text-2xl sm:text-3xl md:text-4xl lg:text-5xl font-bold text-white mb-4 md:mb-6 px-2 md:px-0">Your Analysis is Complete!</h2> aka getByRole('heading', { name: 'Your Analysis is Complete!' })

    Call log:
      - Expect "toContainText" with timeout 5000ms
      - waiting for locator('h1, h2')
        8 × locator resolved to <h1 class="text-4xl font-bold text-gray-900 mb-2">AI is Creating Your Personalized Report</h1>
          - unexpected value "AI is Creating Your Personalized Report"


      68 |     
      69 |     // Verify we're on the results page
    > 70 |     await expect(page.locator('h1, h2')).toContainText(/results|analysis|recommendations/i);
         |                                          ^
      71 |     
      72 |     // Wait a bit more for the page to settle
      73 |     await page.waitForTimeout(2000);
        at /Users/casey/Main12-1/tests/e2e/payment-flow.spec.ts:70:42

    attachment #1: screenshot (image/png) ──────────────────────────────────────────────────────────
    ../../test-results/payment-flow-Payment-Flow--becc7-ify-payment-unlocks-results-chromium/test-failed-1.png
    ────────────────────────────────────────────────────────────────────────────────────────────────

    attachment #2: video (video/webm) ──────────────────────────────────────────────────────────────
    ../../test-results/payment-flow-Payment-Flow--becc7-ify-payment-unlocks-results-chromium/video.webm
    ────────────────────────────────────────────────────────────────────────────────────────────────

    Error Context: ../../test-results/payment-flow-Payment-Flow--becc7-ify-payment-unlocks-results-chromium/error-context.md
]]>
</failure>
<system-out>
<![CDATA[localStorage access blocked, continuing...
On round intro page, clicking Start Round
Error on step 1: page.waitForSelector: Timeout 5000ms exceeded.
Call log:
[2m  - waiting for locator('button:has-text("Start Round"), button:has-text("Next"), button:has-text("Get My Results")') to be visible[22m

Page content: 
    BizModelAIHomeExplore Business IdeasTake QuizYour Best Fit Business Model is Podcasting!Results link sent to delivered@resend.devYour AI-Powered Business BlueprintPersonalized recommendations bas...
Current URL: http://localhost:5173/results
Quiz completed, reached results or loading page

[[ATTACHMENT|payment-flow-Payment-Flow--becc7-ify-payment-unlocks-results-chromium/test-failed-1.png]]

[[ATTACHMENT|payment-flow-Payment-Flow--becc7-ify-payment-unlocks-results-chromium/video.webm]]

[[ATTACHMENT|payment-flow-Payment-Flow--becc7-ify-payment-unlocks-results-chromium/error-context.md]]
]]>
</system-out>
</testcase>
<testcase name="Payment Flow Tests › Paid user sees correct pricing ($4.99)" classname="payment-flow.spec.ts" time="15.624">
<system-out>
<![CDATA[localStorage access blocked, continuing...
On round intro page, clicking Start Round
Error on step 1: page.waitForSelector: Timeout 5000ms exceeded.
Call log:
[2m  - waiting for locator('button:has-text("Start Round"), button:has-text("Next"), button:has-text("Get My Results")') to be visible[22m

Page content: 
    BizModelAIHomeExplore Business IdeasTake QuizYour Best Fit Business Model is Podcasting!Results link sent to delivered@resend.devYour AI-Powered Business BlueprintPersonalized recommendations bas...
Current URL: http://localhost:5173/results
Quiz completed, reached results or loading page
]]>
</system-out>
</testcase>
<testcase name="Payment Flow Tests › Payment success properly unlocks content after page reload" classname="payment-flow.spec.ts" time="21.283">
<failure message="payment-flow.spec.ts:173:3 Payment success properly unlocks content after page reload" type="FAILURE">
<![CDATA[  [chromium] › payment-flow.spec.ts:173:3 › Payment Flow Tests › Payment success properly unlocks content after page reload 

    Error: Timed out 5000ms waiting for expect(locator).toBeVisible()

    Locator: locator('text=Your AI-Generated Insights')
    Expected: visible
    Received: <element(s) not found>
    Call log:
      - Expect "toBeVisible" with timeout 5000ms
      - waiting for locator('text=Your AI-Generated Insights')


      202 |     
      203 |     // Verify content is unlocked after reload
    > 204 |     await expect(page.locator('text=Your AI-Generated Insights')).toBeVisible();
          |                                                                   ^
      205 |     await expect(page.locator('text=Personalized Action Plan')).toBeVisible();
      206 |     
      207 |     // Verify paywall is not showing
        at /Users/casey/Main12-1/tests/e2e/payment-flow.spec.ts:204:67

    attachment #1: screenshot (image/png) ──────────────────────────────────────────────────────────
    ../../test-results/payment-flow-Payment-Flow--f3ec0-s-content-after-page-reload-chromium/test-failed-1.png
    ────────────────────────────────────────────────────────────────────────────────────────────────

    attachment #2: video (video/webm) ──────────────────────────────────────────────────────────────
    ../../test-results/payment-flow-Payment-Flow--f3ec0-s-content-after-page-reload-chromium/video.webm
    ────────────────────────────────────────────────────────────────────────────────────────────────

    Error Context: ../../test-results/payment-flow-Payment-Flow--f3ec0-s-content-after-page-reload-chromium/error-context.md
]]>
</failure>
<system-out>
<![CDATA[localStorage access blocked, continuing...
On round intro page, clicking Start Round
Error on step 1: page.waitForSelector: Timeout 5000ms exceeded.
Call log:
[2m  - waiting for locator('button:has-text("Start Round"), button:has-text("Next"), button:has-text("Get My Results")') to be visible[22m

Page content: 
    BizModelAIHomeExplore Business IdeasTake QuizYour Best Fit Business Model is Podcasting!Results link sent to delivered@resend.devYour AI-Powered Business BlueprintPersonalized recommendations bas...
Current URL: http://localhost:5173/results
Quiz completed, reached results or loading page

[[ATTACHMENT|payment-flow-Payment-Flow--f3ec0-s-content-after-page-reload-chromium/test-failed-1.png]]

[[ATTACHMENT|payment-flow-Payment-Flow--f3ec0-s-content-after-page-reload-chromium/video.webm]]

[[ATTACHMENT|payment-flow-Payment-Flow--f3ec0-s-content-after-page-reload-chromium/error-context.md]]
]]>
</system-out>
</testcase>
<testcase name="Payment Flow Tests › Debug unlock status logging works" classname="payment-flow.spec.ts" time="22.22">
<failure message="payment-flow.spec.ts:212:3 Debug unlock status logging works" type="FAILURE">
<![CDATA[  [chromium] › payment-flow.spec.ts:212:3 › Payment Flow Tests › Debug unlock status logging works ─

    Error: expect(received).toBeGreaterThan(expected)

    Expected: > 0
    Received:   0

      250 |     
      251 |     // Verify debug logs are present
    > 252 |     expect(consoleLogs.length).toBeGreaterThan(0);
          |                                ^
      253 |   });
      254 | });
      255 |
        at /Users/casey/Main12-1/tests/e2e/payment-flow.spec.ts:252:32

    attachment #1: screenshot (image/png) ──────────────────────────────────────────────────────────
    ../../test-results/payment-flow-Payment-Flow--45d2e-unlock-status-logging-works-chromium/test-failed-1.png
    ────────────────────────────────────────────────────────────────────────────────────────────────

    attachment #2: video (video/webm) ──────────────────────────────────────────────────────────────
    ../../test-results/payment-flow-Payment-Flow--45d2e-unlock-status-logging-works-chromium/video.webm
    ────────────────────────────────────────────────────────────────────────────────────────────────

    Error Context: ../../test-results/payment-flow-Payment-Flow--45d2e-unlock-status-logging-works-chromium/error-context.md
]]>
</failure>
<system-out>
<![CDATA[localStorage access blocked, continuing...
On round intro page, clicking Start Round
Error on step 1: page.waitForSelector: Timeout 5000ms exceeded.
Call log:
[2m  - waiting for locator('button:has-text("Start Round"), button:has-text("Next"), button:has-text("Get My Results")') to be visible[22m

Page content: 
    BizModelAIHomeExplore Business IdeasTake QuizYour Best Fit Business Model is Podcasting!Results link sent to delivered@resend.devYour AI-Powered Business BlueprintPersonalized recommendations bas...
Current URL: http://localhost:5173/results
Quiz completed, reached results or loading page

[[ATTACHMENT|payment-flow-Payment-Flow--45d2e-unlock-status-logging-works-chromium/test-failed-1.png]]

[[ATTACHMENT|payment-flow-Payment-Flow--45d2e-unlock-status-logging-works-chromium/video.webm]]

[[ATTACHMENT|payment-flow-Payment-Flow--45d2e-unlock-status-logging-works-chromium/error-context.md]]
]]>
</system-out>
</testcase>
</testsuite>
<testsuite name="payment-flow.spec.ts" timestamp="2025-07-29T02:22:09.663Z" hostname="firefox" tests="4" failures="3" skipped="0" time="88" errors="0">
<testcase name="Payment Flow Tests › Complete quiz flow and verify payment unlocks results" classname="payment-flow.spec.ts" time="30.144">
<failure message="payment-flow.spec.ts:41:3 Complete quiz flow and verify payment unlocks results" type="FAILURE">
<![CDATA[  [firefox] › payment-flow.spec.ts:41:3 › Payment Flow Tests › Complete quiz flow and verify payment unlocks results 

    Test timeout of 30000ms exceeded.

    Error: page.waitForLoadState: Test timeout of 30000ms exceeded.

      348 |   
      349 |   // Wait for results to fully load
    > 350 |   await page.waitForLoadState('networkidle');
          |              ^
      351 |   
      352 |   // If we're on a loading page, wait for it to complete and navigate to results
      353 |   const loadingIndicator = await page.locator('text=Processing, text=Loading, text=Generating, text=AI is Creating Your Personalized Report').count();
        at fillQuizData (/Users/casey/Main12-1/tests/e2e/payment-flow.spec.ts:350:14)
        at /Users/casey/Main12-1/tests/e2e/payment-flow.spec.ts:60:5

    attachment #1: screenshot (image/png) ──────────────────────────────────────────────────────────
    ../../test-results/payment-flow-Payment-Flow--becc7-ify-payment-unlocks-results-firefox/test-failed-1.png
    ────────────────────────────────────────────────────────────────────────────────────────────────

    attachment #2: video (video/webm) ──────────────────────────────────────────────────────────────
    ../../test-results/payment-flow-Payment-Flow--becc7-ify-payment-unlocks-results-firefox/video.webm
    ────────────────────────────────────────────────────────────────────────────────────────────────

    Error Context: ../../test-results/payment-flow-Payment-Flow--becc7-ify-payment-unlocks-results-firefox/error-context.md
]]>
</failure>
<system-out>
<![CDATA[localStorage access blocked, continuing...
On round intro page, clicking Start Round
Error on step 0: page.waitForLoadState: Test timeout of 30000ms exceeded.
Could not get debug info: page.textContent: Target page, context or browser has been closed
Error on step 1: page.waitForSelector: Target page, context or browser has been closed
Could not get debug info: page.textContent: Target page, context or browser has been closed
Error on step 2: page.waitForSelector: Target page, context or browser has been closed
Could not get debug info: page.textContent: Target page, context or browser has been closed
Error on step 3: page.waitForSelector: Target page, context or browser has been closed
Could not get debug info: page.textContent: Target page, context or browser has been closed
Error on step 4: page.waitForSelector: Target page, context or browser has been closed
Could not get debug info: page.textContent: Target page, context or browser has been closed
Error on step 5: page.waitForSelector: Target page, context or browser has been closed
Could not get debug info: page.textContent: Target page, context or browser has been closed
Error on step 6: page.waitForSelector: Target page, context or browser has been closed
Could not get debug info: page.textContent: Target page, context or browser has been closed
Error on step 7: page.waitForSelector: Target page, context or browser has been closed
Could not get debug info: page.textContent: Target page, context or browser has been closed
Error on step 8: page.waitForSelector: Target page, context or browser has been closed
Could not get debug info: page.textContent: Target page, context or browser has been closed
Error on step 9: page.waitForSelector: Target page, context or browser has been closed
Could not get debug info: page.textContent: Target page, context or browser has been closed
Error on step 10: page.waitForSelector: Target page, context or browser has been closed
Could not get debug info: page.textContent: Target page, context or browser has been closed
Error on step 11: page.waitForSelector: Target page, context or browser has been closed
Could not get debug info: page.textContent: Target page, context or browser has been closed
Error on step 12: page.waitForSelector: Target page, context or browser has been closed
Could not get debug info: page.textContent: Target page, context or browser has been closed
Error on step 13: page.waitForSelector: Target page, context or browser has been closed
Could not get debug info: page.textContent: Target page, context or browser has been closed
Error on step 14: page.waitForSelector: Target page, context or browser has been closed
Could not get debug info: page.textContent: Target page, context or browser has been closed
Error on step 15: page.waitForSelector: Target page, context or browser has been closed
Could not get debug info: page.textContent: Target page, context or browser has been closed
Error on step 16: page.waitForSelector: Target page, context or browser has been closed
Could not get debug info: page.textContent: Target page, context or browser has been closed
Error on step 17: page.waitForSelector: Target page, context or browser has been closed
Could not get debug info: page.textContent: Target page, context or browser has been closed
Error on step 18: page.waitForSelector: Target page, context or browser has been closed
Could not get debug info: page.textContent: Target page, context or browser has been closed
Error on step 19: page.waitForSelector: Target page, context or browser has been closed
Could not get debug info: page.textContent: Target page, context or browser has been closed
Error on step 20: page.waitForSelector: Target page, context or browser has been closed
Could not get debug info: page.textContent: Target page, context or browser has been closed
Error on step 21: page.waitForSelector: Target page, context or browser has been closed
Could not get debug info: page.textContent: Target page, context or browser has been closed
Error on step 22: page.waitForSelector: Target page, context or browser has been closed
Could not get debug info: page.textContent: Target page, context or browser has been closed
Error on step 23: page.waitForSelector: Target page, context or browser has been closed
Could not get debug info: page.textContent: Target page, context or browser has been closed
Error on step 24: page.waitForSelector: Target page, context or browser has been closed
Could not get debug info: page.textContent: Target page, context or browser has been closed
Error on step 25: page.waitForSelector: Target page, context or browser has been closed
Could not get debug info: page.textContent: Target page, context or browser has been closed
Error on step 26: page.waitForSelector: Target page, context or browser has been closed
Could not get debug info: page.textContent: Target page, context or browser has been closed
Error on step 27: page.waitForSelector: Target page, context or browser has been closed
Could not get debug info: page.textContent: Target page, context or browser has been closed
Error on step 28: page.waitForSelector: Target page, context or browser has been closed
Could not get debug info: page.textContent: Target page, context or browser has been closed
Error on step 29: page.waitForSelector: Target page, context or browser has been closed
Could not get debug info: page.textContent: Target page, context or browser has been closed
Error on step 30: page.waitForSelector: Target page, context or browser has been closed
Could not get debug info: page.textContent: Target page, context or browser has been closed
Error on step 31: page.waitForSelector: Target page, context or browser has been closed
Could not get debug info: page.textContent: Target page, context or browser has been closed
Error on step 32: page.waitForSelector: Target page, context or browser has been closed
Could not get debug info: page.textContent: Target page, context or browser has been closed
Error on step 33: page.waitForSelector: Target page, context or browser has been closed
Could not get debug info: page.textContent: Target page, context or browser has been closed
Error on step 34: page.waitForSelector: Target page, context or browser has been closed
Could not get debug info: page.textContent: Target page, context or browser has been closed
Error on step 35: page.waitForSelector: Target page, context or browser has been closed
Could not get debug info: page.textContent: Target page, context or browser has been closed
Error on step 36: page.waitForSelector: Target page, context or browser has been closed
Could not get debug info: page.textContent: Target page, context or browser has been closed
Error on step 37: page.waitForSelector: Target page, context or browser has been closed
Could not get debug info: page.textContent: Target page, context or browser has been closed
Error on step 38: page.waitForSelector: Target page, context or browser has been closed
Could not get debug info: page.textContent: Target page, context or browser has been closed
Error on step 39: page.waitForSelector: Target page, context or browser has been closed
Could not get debug info: page.textContent: Target page, context or browser has been closed
Error on step 40: page.waitForSelector: Target page, context or browser has been closed
Could not get debug info: page.textContent: Target page, context or browser has been closed
Error on step 41: page.waitForSelector: Target page, context or browser has been closed
Could not get debug info: page.textContent: Target page, context or browser has been closed
Error on step 42: page.waitForSelector: Target page, context or browser has been closed
Could not get debug info: page.textContent: Target page, context or browser has been closed
Error on step 43: page.waitForSelector: Target page, context or browser has been closed
Could not get debug info: page.textContent: Target page, context or browser has been closed
Error on step 44: page.waitForSelector: Target page, context or browser has been closed
Could not get debug info: page.textContent: Target page, context or browser has been closed

[[ATTACHMENT|payment-flow-Payment-Flow--becc7-ify-payment-unlocks-results-firefox/test-failed-1.png]]

[[ATTACHMENT|payment-flow-Payment-Flow--becc7-ify-payment-unlocks-results-firefox/video.webm]]

[[ATTACHMENT|payment-flow-Payment-Flow--becc7-ify-payment-unlocks-results-firefox/error-context.md]]
]]>
</system-out>
</testcase>
<testcase name="Payment Flow Tests › Paid user sees correct pricing ($4.99)" classname="payment-flow.spec.ts" time="17.282">
<system-out>
<![CDATA[localStorage access blocked, continuing...
On round intro page, clicking Start Round
Error on step 1: page.waitForSelector: Timeout 5000ms exceeded.
Call log:
[2m  - waiting for locator('button:has-text("Start Round"), button:has-text("Next"), button:has-text("Get My Results")') to be visible[22m

Page content: 
    BizModelAIHomeExplore Business IdeasTake QuizYour Best Fit Business Model is Podcasting!Results link sent to delivered@resend.devYour AI-Powered Business BlueprintPersonalized recommendations bas...
Current URL: http://localhost:5173/results
Quiz completed, reached results or loading page
]]>
</system-out>
</testcase>
<testcase name="Payment Flow Tests › Payment success properly unlocks content after page reload" classname="payment-flow.spec.ts" time="19.744">
<failure message="payment-flow.spec.ts:173:3 Payment success properly unlocks content after page reload" type="FAILURE">
<![CDATA[  [firefox] › payment-flow.spec.ts:173:3 › Payment Flow Tests › Payment success properly unlocks content after page reload 

    Error: Timed out 5000ms waiting for expect(locator).toBeVisible()

    Locator: locator('text=Your AI-Generated Insights')
    Expected: visible
    Received: <element(s) not found>
    Call log:
      - Expect "toBeVisible" with timeout 5000ms
      - waiting for locator('text=Your AI-Generated Insights')


      202 |     
      203 |     // Verify content is unlocked after reload
    > 204 |     await expect(page.locator('text=Your AI-Generated Insights')).toBeVisible();
          |                                                                   ^
      205 |     await expect(page.locator('text=Personalized Action Plan')).toBeVisible();
      206 |     
      207 |     // Verify paywall is not showing
        at /Users/casey/Main12-1/tests/e2e/payment-flow.spec.ts:204:67

    attachment #1: screenshot (image/png) ──────────────────────────────────────────────────────────
    ../../test-results/payment-flow-Payment-Flow--f3ec0-s-content-after-page-reload-firefox/test-failed-1.png
    ────────────────────────────────────────────────────────────────────────────────────────────────

    attachment #2: video (video/webm) ──────────────────────────────────────────────────────────────
    ../../test-results/payment-flow-Payment-Flow--f3ec0-s-content-after-page-reload-firefox/video.webm
    ────────────────────────────────────────────────────────────────────────────────────────────────

    Error Context: ../../test-results/payment-flow-Payment-Flow--f3ec0-s-content-after-page-reload-firefox/error-context.md
]]>
</failure>
<system-out>
<![CDATA[localStorage access blocked, continuing...
On round intro page, clicking Start Round
Error on step 1: page.waitForSelector: Timeout 5000ms exceeded.
Call log:
[2m  - waiting for locator('button:has-text("Start Round"), button:has-text("Next"), button:has-text("Get My Results")') to be visible[22m

Page content: 
    BizModelAIHomeExplore Business IdeasTake QuizYour Best Fit Business Model is Podcasting!Results link sent to delivered@resend.devYour AI-Powered Business BlueprintPersonalized recommendations bas...
Current URL: http://localhost:5173/results
Quiz completed, reached results or loading page

[[ATTACHMENT|payment-flow-Payment-Flow--f3ec0-s-content-after-page-reload-firefox/test-failed-1.png]]

[[ATTACHMENT|payment-flow-Payment-Flow--f3ec0-s-content-after-page-reload-firefox/video.webm]]

[[ATTACHMENT|payment-flow-Payment-Flow--f3ec0-s-content-after-page-reload-firefox/error-context.md]]
]]>
</system-out>
</testcase>
<testcase name="Payment Flow Tests › Debug unlock status logging works" classname="payment-flow.spec.ts" time="20.83">
<failure message="payment-flow.spec.ts:212:3 Debug unlock status logging works" type="FAILURE">
<![CDATA[  [firefox] › payment-flow.spec.ts:212:3 › Payment Flow Tests › Debug unlock status logging works ──

    Error: expect(received).toBeGreaterThan(expected)

    Expected: > 0
    Received:   0

      250 |     
      251 |     // Verify debug logs are present
    > 252 |     expect(consoleLogs.length).toBeGreaterThan(0);
          |                                ^
      253 |   });
      254 | });
      255 |
        at /Users/casey/Main12-1/tests/e2e/payment-flow.spec.ts:252:32

    attachment #1: screenshot (image/png) ──────────────────────────────────────────────────────────
    ../../test-results/payment-flow-Payment-Flow--45d2e-unlock-status-logging-works-firefox/test-failed-1.png
    ────────────────────────────────────────────────────────────────────────────────────────────────

    attachment #2: video (video/webm) ──────────────────────────────────────────────────────────────
    ../../test-results/payment-flow-Payment-Flow--45d2e-unlock-status-logging-works-firefox/video.webm
    ────────────────────────────────────────────────────────────────────────────────────────────────

    Error Context: ../../test-results/payment-flow-Payment-Flow--45d2e-unlock-status-logging-works-firefox/error-context.md
]]>
</failure>
<system-out>
<![CDATA[localStorage access blocked, continuing...
On round intro page, clicking Start Round
Error on step 1: page.waitForSelector: Timeout 5000ms exceeded.
Call log:
[2m  - waiting for locator('button:has-text("Start Round"), button:has-text("Next"), button:has-text("Get My Results")') to be visible[22m

Page content: 
    BizModelAIHomeExplore Business IdeasTake QuizYour Best Fit Business Model is Podcasting!Results link sent to delivered@resend.devYour AI-Powered Business BlueprintPersonalized recommendations bas...
Current URL: http://localhost:5173/results
Quiz completed, reached results or loading page

[[ATTACHMENT|payment-flow-Payment-Flow--45d2e-unlock-status-logging-works-firefox/test-failed-1.png]]

[[ATTACHMENT|payment-flow-Payment-Flow--45d2e-unlock-status-logging-works-firefox/video.webm]]

[[ATTACHMENT|payment-flow-Payment-Flow--45d2e-unlock-status-logging-works-firefox/error-context.md]]
]]>
</system-out>
</testcase>
</testsuite>
<testsuite name="payment-flow.spec.ts" timestamp="2025-07-29T02:22:09.663Z" hostname="webkit" tests="4" failures="3" skipped="0" time="79.348" errors="0">
<testcase name="Payment Flow Tests › Complete quiz flow and verify payment unlocks results" classname="payment-flow.spec.ts" time="20.671">
<failure message="payment-flow.spec.ts:41:3 Complete quiz flow and verify payment unlocks results" type="FAILURE">
<![CDATA[  [webkit] › payment-flow.spec.ts:41:3 › Payment Flow Tests › Complete quiz flow and verify payment unlocks results 

    Error: expect.toContainText: Error: strict mode violation: locator('h1, h2') resolved to 4 elements:
        1) <h1 class="text-3xl sm:text-4xl md:text-5xl lg:text-7xl font-bold text-gray-900 mb-4 md:mb-6 leading-tight px-2 md:px-0">…</h1> aka getByRole('heading', { name: 'Your Best Fit Business Model' })
        2) <h2 class="text-2xl sm:text-3xl md:text-4xl font-bold text-gray-900 mb-3 md:mb-4">Your AI-Powered Business Blueprint</h2> aka getByRole('heading', { name: 'Your AI-Powered Business' })
        3) <h2 class="text-2xl font-bold">Your AI-Generated Insights</h2> aka getByRole('heading', { name: 'Your AI-Generated Insights' })
        4) <h2 class="text-2xl sm:text-3xl md:text-4xl lg:text-5xl font-bold text-white mb-4 md:mb-6 px-2 md:px-0">Your Analysis is Complete!</h2> aka getByRole('heading', { name: 'Your Analysis is Complete!' })

    Call log:
      - Expect "toContainText" with timeout 5000ms
      - waiting for locator('h1, h2')
        8 × locator resolved to <h1 class="text-4xl font-bold text-gray-900 mb-2">AI is Creating Your Personalized Report</h1>
          - unexpected value "AI is Creating Your Personalized Report"


      68 |     
      69 |     // Verify we're on the results page
    > 70 |     await expect(page.locator('h1, h2')).toContainText(/results|analysis|recommendations/i);
         |                                          ^
      71 |     
      72 |     // Wait a bit more for the page to settle
      73 |     await page.waitForTimeout(2000);
        at /Users/casey/Main12-1/tests/e2e/payment-flow.spec.ts:70:42

    attachment #1: screenshot (image/png) ──────────────────────────────────────────────────────────
    ../../test-results/payment-flow-Payment-Flow--becc7-ify-payment-unlocks-results-webkit/test-failed-1.png
    ────────────────────────────────────────────────────────────────────────────────────────────────

    attachment #2: video (video/webm) ──────────────────────────────────────────────────────────────
    ../../test-results/payment-flow-Payment-Flow--becc7-ify-payment-unlocks-results-webkit/video.webm
    ────────────────────────────────────────────────────────────────────────────────────────────────

    Error Context: ../../test-results/payment-flow-Payment-Flow--becc7-ify-payment-unlocks-results-webkit/error-context.md
]]>
</failure>
<system-out>
<![CDATA[localStorage access blocked, continuing...
On round intro page, clicking Start Round
Error on step 1: page.waitForSelector: Timeout 5000ms exceeded.
Call log:
[2m  - waiting for locator('button:has-text("Start Round"), button:has-text("Next"), button:has-text("Get My Results")') to be visible[22m

Page content: 
    BizModelAIHomeExplore Business IdeasTake QuizYour Best Fit Business Model is Podcasting!Results link sent to delivered@resend.devYour AI-Powered Business BlueprintPersonalized recommendations bas...
Current URL: http://localhost:5173/results
Quiz completed, reached results or loading page

[[ATTACHMENT|payment-flow-Payment-Flow--becc7-ify-payment-unlocks-results-webkit/test-failed-1.png]]

[[ATTACHMENT|payment-flow-Payment-Flow--becc7-ify-payment-unlocks-results-webkit/video.webm]]

[[ATTACHMENT|payment-flow-Payment-Flow--becc7-ify-payment-unlocks-results-webkit/error-context.md]]
]]>
</system-out>
</testcase>
<testcase name="Payment Flow Tests › Paid user sees correct pricing ($4.99)" classname="payment-flow.spec.ts" time="15.384">
<system-out>
<![CDATA[localStorage access blocked, continuing...
On round intro page, clicking Start Round
Error on step 1: page.waitForSelector: Timeout 5000ms exceeded.
Call log:
[2m  - waiting for locator('button:has-text("Start Round"), button:has-text("Next"), button:has-text("Get My Results")') to be visible[22m

Page content: 
    BizModelAIHomeExplore Business IdeasTake QuizYour Best Fit Business Model is Podcasting!Results link sent to delivered@resend.devYour AI-Powered Business BlueprintPersonalized recommendations bas...
Current URL: http://localhost:5173/results
Quiz completed, reached results or loading page
]]>
</system-out>
</testcase>
<testcase name="Payment Flow Tests › Payment success properly unlocks content after page reload" classname="payment-flow.spec.ts" time="21.225">
<failure message="payment-flow.spec.ts:173:3 Payment success properly unlocks content after page reload" type="FAILURE">
<![CDATA[  [webkit] › payment-flow.spec.ts:173:3 › Payment Flow Tests › Payment success properly unlocks content after page reload 

    Error: Timed out 5000ms waiting for expect(locator).toBeVisible()

    Locator: locator('text=Your AI-Generated Insights')
    Expected: visible
    Received: <element(s) not found>
    Call log:
      - Expect "toBeVisible" with timeout 5000ms
      - waiting for locator('text=Your AI-Generated Insights')


      202 |     
      203 |     // Verify content is unlocked after reload
    > 204 |     await expect(page.locator('text=Your AI-Generated Insights')).toBeVisible();
          |                                                                   ^
      205 |     await expect(page.locator('text=Personalized Action Plan')).toBeVisible();
      206 |     
      207 |     // Verify paywall is not showing
        at /Users/casey/Main12-1/tests/e2e/payment-flow.spec.ts:204:67

    attachment #1: screenshot (image/png) ──────────────────────────────────────────────────────────
    ../../test-results/payment-flow-Payment-Flow--f3ec0-s-content-after-page-reload-webkit/test-failed-1.png
    ────────────────────────────────────────────────────────────────────────────────────────────────

    attachment #2: video (video/webm) ──────────────────────────────────────────────────────────────
    ../../test-results/payment-flow-Payment-Flow--f3ec0-s-content-after-page-reload-webkit/video.webm
    ────────────────────────────────────────────────────────────────────────────────────────────────

    Error Context: ../../test-results/payment-flow-Payment-Flow--f3ec0-s-content-after-page-reload-webkit/error-context.md
]]>
</failure>
<system-out>
<![CDATA[localStorage access blocked, continuing...
On round intro page, clicking Start Round
Error on step 1: page.waitForSelector: Timeout 5000ms exceeded.
Call log:
[2m  - waiting for locator('button:has-text("Start Round"), button:has-text("Next"), button:has-text("Get My Results")') to be visible[22m

Page content: 
    BizModelAIHomeExplore Business IdeasTake QuizYour Best Fit Business Model is Podcasting!Results link sent to delivered@resend.devYour AI-Powered Business BlueprintPersonalized recommendations bas...
Current URL: http://localhost:5173/results
Quiz completed, reached results or loading page

[[ATTACHMENT|payment-flow-Payment-Flow--f3ec0-s-content-after-page-reload-webkit/test-failed-1.png]]

[[ATTACHMENT|payment-flow-Payment-Flow--f3ec0-s-content-after-page-reload-webkit/video.webm]]

[[ATTACHMENT|payment-flow-Payment-Flow--f3ec0-s-content-after-page-reload-webkit/error-context.md]]
]]>
</system-out>
</testcase>
<testcase name="Payment Flow Tests › Debug unlock status logging works" classname="payment-flow.spec.ts" time="22.068">
<failure message="payment-flow.spec.ts:212:3 Debug unlock status logging works" type="FAILURE">
<![CDATA[  [webkit] › payment-flow.spec.ts:212:3 › Payment Flow Tests › Debug unlock status logging works ───

    Error: expect(received).toBeGreaterThan(expected)

    Expected: > 0
    Received:   0

      250 |     
      251 |     // Verify debug logs are present
    > 252 |     expect(consoleLogs.length).toBeGreaterThan(0);
          |                                ^
      253 |   });
      254 | });
      255 |
        at /Users/casey/Main12-1/tests/e2e/payment-flow.spec.ts:252:32

    attachment #1: screenshot (image/png) ──────────────────────────────────────────────────────────
    ../../test-results/payment-flow-Payment-Flow--45d2e-unlock-status-logging-works-webkit/test-failed-1.png
    ────────────────────────────────────────────────────────────────────────────────────────────────

    attachment #2: video (video/webm) ──────────────────────────────────────────────────────────────
    ../../test-results/payment-flow-Payment-Flow--45d2e-unlock-status-logging-works-webkit/video.webm
    ────────────────────────────────────────────────────────────────────────────────────────────────

    Error Context: ../../test-results/payment-flow-Payment-Flow--45d2e-unlock-status-logging-works-webkit/error-context.md
]]>
</failure>
<system-out>
<![CDATA[localStorage access blocked, continuing...
On round intro page, clicking Start Round
Error on step 1: page.waitForSelector: Timeout 5000ms exceeded.
Call log:
[2m  - waiting for locator('button:has-text("Start Round"), button:has-text("Next"), button:has-text("Get My Results")') to be visible[22m

Page content: 
    BizModelAIHomeExplore Business IdeasTake QuizYour Best Fit Business Model is Podcasting!Results link sent to delivered@resend.devYour AI-Powered Business BlueprintPersonalized recommendations bas...
Current URL: http://localhost:5173/results
Quiz completed, reached results or loading page

[[ATTACHMENT|payment-flow-Payment-Flow--45d2e-unlock-status-logging-works-webkit/test-failed-1.png]]

[[ATTACHMENT|payment-flow-Payment-Flow--45d2e-unlock-status-logging-works-webkit/video.webm]]

[[ATTACHMENT|payment-flow-Payment-Flow--45d2e-unlock-status-logging-works-webkit/error-context.md]]
]]>
</system-out>
</testcase>
</testsuite>
<testsuite name="payment-flow.spec.ts" timestamp="2025-07-29T02:22:09.663Z" hostname="Mobile Chrome" tests="4" failures="3" skipped="0" time="77.364" errors="0">
<testcase name="Payment Flow Tests › Complete quiz flow and verify payment unlocks results" classname="payment-flow.spec.ts" time="19.98">
<failure message="payment-flow.spec.ts:41:3 Complete quiz flow and verify payment unlocks results" type="FAILURE">
<![CDATA[  [Mobile Chrome] › payment-flow.spec.ts:41:3 › Payment Flow Tests › Complete quiz flow and verify payment unlocks results 

    Error: expect.toContainText: Error: strict mode violation: locator('h1, h2') resolved to 4 elements:
        1) <h1 class="text-3xl sm:text-4xl md:text-5xl lg:text-7xl font-bold text-gray-900 mb-4 md:mb-6 leading-tight px-2 md:px-0">…</h1> aka getByRole('heading', { name: 'Your Best Fit Business Model' })
        2) <h2 class="text-2xl sm:text-3xl md:text-4xl font-bold text-gray-900 mb-3 md:mb-4">Your AI-Powered Business Blueprint</h2> aka getByRole('heading', { name: 'Your AI-Powered Business' })
        3) <h2 class="text-2xl font-bold">Your AI-Generated Insights</h2> aka getByRole('heading', { name: 'Your AI-Generated Insights' })
        4) <h2 class="text-2xl sm:text-3xl md:text-4xl lg:text-5xl font-bold text-white mb-4 md:mb-6 px-2 md:px-0">Your Analysis is Complete!</h2> aka getByRole('heading', { name: 'Your Analysis is Complete!' })

    Call log:
      - Expect "toContainText" with timeout 5000ms
      - waiting for locator('h1, h2')
        8 × locator resolved to <h1 class="text-4xl font-bold text-gray-900 mb-2">AI is Creating Your Personalized Report</h1>
          - unexpected value "AI is Creating Your Personalized Report"


      68 |     
      69 |     // Verify we're on the results page
    > 70 |     await expect(page.locator('h1, h2')).toContainText(/results|analysis|recommendations/i);
         |                                          ^
      71 |     
      72 |     // Wait a bit more for the page to settle
      73 |     await page.waitForTimeout(2000);
        at /Users/casey/Main12-1/tests/e2e/payment-flow.spec.ts:70:42

    attachment #1: screenshot (image/png) ──────────────────────────────────────────────────────────
    ../../test-results/payment-flow-Payment-Flow--becc7-ify-payment-unlocks-results-Mobile-Chrome/test-failed-1.png
    ────────────────────────────────────────────────────────────────────────────────────────────────

    attachment #2: video (video/webm) ──────────────────────────────────────────────────────────────
    ../../test-results/payment-flow-Payment-Flow--becc7-ify-payment-unlocks-results-Mobile-Chrome/video.webm
    ────────────────────────────────────────────────────────────────────────────────────────────────

    Error Context: ../../test-results/payment-flow-Payment-Flow--becc7-ify-payment-unlocks-results-Mobile-Chrome/error-context.md
]]>
</failure>
<system-out>
<![CDATA[localStorage access blocked, continuing...
On round intro page, clicking Start Round
Error on step 1: page.waitForSelector: Timeout 5000ms exceeded.
Call log:
[2m  - waiting for locator('button:has-text("Start Round"), button:has-text("Next"), button:has-text("Get My Results")') to be visible[22m

Page content: 
    BizModelAIHomeExplore Business IdeasTake QuizYour Best Fit Business Model is Podcasting!Results link sent to delivered@resend.devYour AI-Powered Business BlueprintPersonalized recommendations bas...
Current URL: http://localhost:5173/results
Quiz completed, reached results or loading page

[[ATTACHMENT|payment-flow-Payment-Flow--becc7-ify-payment-unlocks-results-Mobile-Chrome/test-failed-1.png]]

[[ATTACHMENT|payment-flow-Payment-Flow--becc7-ify-payment-unlocks-results-Mobile-Chrome/video.webm]]

[[ATTACHMENT|payment-flow-Payment-Flow--becc7-ify-payment-unlocks-results-Mobile-Chrome/error-context.md]]
]]>
</system-out>
</testcase>
<testcase name="Payment Flow Tests › Paid user sees correct pricing ($4.99)" classname="payment-flow.spec.ts" time="14.989">
<system-out>
<![CDATA[localStorage access blocked, continuing...
On round intro page, clicking Start Round
Error on step 1: page.waitForSelector: Timeout 5000ms exceeded.
Call log:
[2m  - waiting for locator('button:has-text("Start Round"), button:has-text("Next"), button:has-text("Get My Results")') to be visible[22m

Page content: 
    BizModelAIHomeExplore Business IdeasTake QuizYour Best Fit Business Model is Podcasting!Results link sent to delivered@resend.devYour AI-Powered Business BlueprintPersonalized recommendations bas...
Current URL: http://localhost:5173/results
Quiz completed, reached results or loading page
]]>
</system-out>
</testcase>
<testcase name="Payment Flow Tests › Payment success properly unlocks content after page reload" classname="payment-flow.spec.ts" time="20.75">
<failure message="payment-flow.spec.ts:173:3 Payment success properly unlocks content after page reload" type="FAILURE">
<![CDATA[  [Mobile Chrome] › payment-flow.spec.ts:173:3 › Payment Flow Tests › Payment success properly unlocks content after page reload 

    Error: Timed out 5000ms waiting for expect(locator).toBeVisible()

    Locator: locator('text=Your AI-Generated Insights')
    Expected: visible
    Received: <element(s) not found>
    Call log:
      - Expect "toBeVisible" with timeout 5000ms
      - waiting for locator('text=Your AI-Generated Insights')


      202 |     
      203 |     // Verify content is unlocked after reload
    > 204 |     await expect(page.locator('text=Your AI-Generated Insights')).toBeVisible();
          |                                                                   ^
      205 |     await expect(page.locator('text=Personalized Action Plan')).toBeVisible();
      206 |     
      207 |     // Verify paywall is not showing
        at /Users/casey/Main12-1/tests/e2e/payment-flow.spec.ts:204:67

    attachment #1: screenshot (image/png) ──────────────────────────────────────────────────────────
    ../../test-results/payment-flow-Payment-Flow--f3ec0-s-content-after-page-reload-Mobile-Chrome/test-failed-1.png
    ────────────────────────────────────────────────────────────────────────────────────────────────

    attachment #2: video (video/webm) ──────────────────────────────────────────────────────────────
    ../../test-results/payment-flow-Payment-Flow--f3ec0-s-content-after-page-reload-Mobile-Chrome/video.webm
    ────────────────────────────────────────────────────────────────────────────────────────────────

    Error Context: ../../test-results/payment-flow-Payment-Flow--f3ec0-s-content-after-page-reload-Mobile-Chrome/error-context.md
]]>
</failure>
<system-out>
<![CDATA[localStorage access blocked, continuing...
On round intro page, clicking Start Round
Error on step 1: page.waitForSelector: Timeout 5000ms exceeded.
Call log:
[2m  - waiting for locator('button:has-text("Start Round"), button:has-text("Next"), button:has-text("Get My Results")') to be visible[22m

Page content: 
    BizModelAIHomeExplore Business IdeasTake QuizYour Best Fit Business Model is Podcasting!Results link sent to delivered@resend.devYour AI-Powered Business BlueprintPersonalized recommendations bas...
Current URL: http://localhost:5173/results
Quiz completed, reached results or loading page

[[ATTACHMENT|payment-flow-Payment-Flow--f3ec0-s-content-after-page-reload-Mobile-Chrome/test-failed-1.png]]

[[ATTACHMENT|payment-flow-Payment-Flow--f3ec0-s-content-after-page-reload-Mobile-Chrome/video.webm]]

[[ATTACHMENT|payment-flow-Payment-Flow--f3ec0-s-content-after-page-reload-Mobile-Chrome/error-context.md]]
]]>
</system-out>
</testcase>
<testcase name="Payment Flow Tests › Debug unlock status logging works" classname="payment-flow.spec.ts" time="21.645">
<failure message="payment-flow.spec.ts:212:3 Debug unlock status logging works" type="FAILURE">
<![CDATA[  [Mobile Chrome] › payment-flow.spec.ts:212:3 › Payment Flow Tests › Debug unlock status logging works 

    Error: expect(received).toBeGreaterThan(expected)

    Expected: > 0
    Received:   0

      250 |     
      251 |     // Verify debug logs are present
    > 252 |     expect(consoleLogs.length).toBeGreaterThan(0);
          |                                ^
      253 |   });
      254 | });
      255 |
        at /Users/casey/Main12-1/tests/e2e/payment-flow.spec.ts:252:32

    attachment #1: screenshot (image/png) ──────────────────────────────────────────────────────────
    ../../test-results/payment-flow-Payment-Flow--45d2e-unlock-status-logging-works-Mobile-Chrome/test-failed-1.png
    ────────────────────────────────────────────────────────────────────────────────────────────────

    attachment #2: video (video/webm) ──────────────────────────────────────────────────────────────
    ../../test-results/payment-flow-Payment-Flow--45d2e-unlock-status-logging-works-Mobile-Chrome/video.webm
    ────────────────────────────────────────────────────────────────────────────────────────────────

    Error Context: ../../test-results/payment-flow-Payment-Flow--45d2e-unlock-status-logging-works-Mobile-Chrome/error-context.md
]]>
</failure>
<system-out>
<![CDATA[localStorage access blocked, continuing...
On round intro page, clicking Start Round
Error on step 1: page.waitForSelector: Timeout 5000ms exceeded.
Call log:
[2m  - waiting for locator('button:has-text("Start Round"), button:has-text("Next"), button:has-text("Get My Results")') to be visible[22m

Page content: 
    BizModelAIHomeExplore Business IdeasTake QuizYour Best Fit Business Model is Podcasting!Results link sent to delivered@resend.devYour AI-Powered Business BlueprintPersonalized recommendations bas...
Current URL: http://localhost:5173/results
Quiz completed, reached results or loading page

[[ATTACHMENT|payment-flow-Payment-Flow--45d2e-unlock-status-logging-works-Mobile-Chrome/test-failed-1.png]]

[[ATTACHMENT|payment-flow-Payment-Flow--45d2e-unlock-status-logging-works-Mobile-Chrome/video.webm]]

[[ATTACHMENT|payment-flow-Payment-Flow--45d2e-unlock-status-logging-works-Mobile-Chrome/error-context.md]]
]]>
</system-out>
</testcase>
</testsuite>
<testsuite name="payment-flow.spec.ts" timestamp="2025-07-29T02:22:09.663Z" hostname="Mobile Safari" tests="4" failures="3" skipped="0" time="78.846" errors="0">
<testcase name="Payment Flow Tests › Complete quiz flow and verify payment unlocks results" classname="payment-flow.spec.ts" time="20.313">
<failure message="payment-flow.spec.ts:41:3 Complete quiz flow and verify payment unlocks results" type="FAILURE">
<![CDATA[  [Mobile Safari] › payment-flow.spec.ts:41:3 › Payment Flow Tests › Complete quiz flow and verify payment unlocks results 

    Error: expect.toContainText: Error: strict mode violation: locator('h1, h2') resolved to 4 elements:
        1) <h1 class="text-3xl sm:text-4xl md:text-5xl lg:text-7xl font-bold text-gray-900 mb-4 md:mb-6 leading-tight px-2 md:px-0">…</h1> aka getByRole('heading', { name: 'Your Best Fit Business Model' })
        2) <h2 class="text-2xl sm:text-3xl md:text-4xl font-bold text-gray-900 mb-3 md:mb-4">Your AI-Powered Business Blueprint</h2> aka getByRole('heading', { name: 'Your AI-Powered Business' })
        3) <h2 class="text-2xl font-bold">Your AI-Generated Insights</h2> aka getByRole('heading', { name: 'Your AI-Generated Insights' })
        4) <h2 class="text-2xl sm:text-3xl md:text-4xl lg:text-5xl font-bold text-white mb-4 md:mb-6 px-2 md:px-0">Your Analysis is Complete!</h2> aka getByRole('heading', { name: 'Your Analysis is Complete!' })

    Call log:
      - Expect "toContainText" with timeout 5000ms
      - waiting for locator('h1, h2')
        8 × locator resolved to <h1 class="text-4xl font-bold text-gray-900 mb-2">AI is Creating Your Personalized Report</h1>
          - unexpected value "AI is Creating Your Personalized Report"


      68 |     
      69 |     // Verify we're on the results page
    > 70 |     await expect(page.locator('h1, h2')).toContainText(/results|analysis|recommendations/i);
         |                                          ^
      71 |     
      72 |     // Wait a bit more for the page to settle
      73 |     await page.waitForTimeout(2000);
        at /Users/casey/Main12-1/tests/e2e/payment-flow.spec.ts:70:42

    attachment #1: screenshot (image/png) ──────────────────────────────────────────────────────────
    ../../test-results/payment-flow-Payment-Flow--becc7-ify-payment-unlocks-results-Mobile-Safari/test-failed-1.png
    ────────────────────────────────────────────────────────────────────────────────────────────────

    attachment #2: video (video/webm) ──────────────────────────────────────────────────────────────
    ../../test-results/payment-flow-Payment-Flow--becc7-ify-payment-unlocks-results-Mobile-Safari/video.webm
    ────────────────────────────────────────────────────────────────────────────────────────────────

    Error Context: ../../test-results/payment-flow-Payment-Flow--becc7-ify-payment-unlocks-results-Mobile-Safari/error-context.md
]]>
</failure>
<system-out>
<![CDATA[localStorage access blocked, continuing...
On round intro page, clicking Start Round
Error on step 1: page.waitForSelector: Timeout 5000ms exceeded.
Call log:
[2m  - waiting for locator('button:has-text("Start Round"), button:has-text("Next"), button:has-text("Get My Results")') to be visible[22m

Page content: 
    BizModelAIHomeExplore Business IdeasTake QuizYour Best Fit Business Model is Podcasting!Results link sent to delivered@resend.devYour AI-Powered Business BlueprintPersonalized recommendations bas...
Current URL: http://localhost:5173/results
Quiz completed, reached results or loading page

[[ATTACHMENT|payment-flow-Payment-Flow--becc7-ify-payment-unlocks-results-Mobile-Safari/test-failed-1.png]]

[[ATTACHMENT|payment-flow-Payment-Flow--becc7-ify-payment-unlocks-results-Mobile-Safari/video.webm]]

[[ATTACHMENT|payment-flow-Payment-Flow--becc7-ify-payment-unlocks-results-Mobile-Safari/error-context.md]]
]]>
</system-out>
</testcase>
<testcase name="Payment Flow Tests › Paid user sees correct pricing ($4.99)" classname="payment-flow.spec.ts" time="15.441">
<system-out>
<![CDATA[localStorage access blocked, continuing...
On round intro page, clicking Start Round
Error on step 1: page.waitForSelector: Timeout 5000ms exceeded.
Call log:
[2m  - waiting for locator('button:has-text("Start Round"), button:has-text("Next"), button:has-text("Get My Results")') to be visible[22m

Page content: 
    BizModelAIHomeExplore Business IdeasTake QuizYour Best Fit Business Model is Podcasting!Results link sent to delivered@resend.devYour AI-Powered Business BlueprintPersonalized recommendations bas...
Current URL: http://localhost:5173/results
Quiz completed, reached results or loading page
]]>
</system-out>
</testcase>
<testcase name="Payment Flow Tests › Payment success properly unlocks content after page reload" classname="payment-flow.spec.ts" time="21.053">
<failure message="payment-flow.spec.ts:173:3 Payment success properly unlocks content after page reload" type="FAILURE">
<![CDATA[  [Mobile Safari] › payment-flow.spec.ts:173:3 › Payment Flow Tests › Payment success properly unlocks content after page reload 

    Error: Timed out 5000ms waiting for expect(locator).toBeVisible()

    Locator: locator('text=Your AI-Generated Insights')
    Expected: visible
    Received: <element(s) not found>
    Call log:
      - Expect "toBeVisible" with timeout 5000ms
      - waiting for locator('text=Your AI-Generated Insights')


      202 |     
      203 |     // Verify content is unlocked after reload
    > 204 |     await expect(page.locator('text=Your AI-Generated Insights')).toBeVisible();
          |                                                                   ^
      205 |     await expect(page.locator('text=Personalized Action Plan')).toBeVisible();
      206 |     
      207 |     // Verify paywall is not showing
        at /Users/casey/Main12-1/tests/e2e/payment-flow.spec.ts:204:67

    attachment #1: screenshot (image/png) ──────────────────────────────────────────────────────────
    ../../test-results/payment-flow-Payment-Flow--f3ec0-s-content-after-page-reload-Mobile-Safari/test-failed-1.png
    ────────────────────────────────────────────────────────────────────────────────────────────────

    attachment #2: video (video/webm) ──────────────────────────────────────────────────────────────
    ../../test-results/payment-flow-Payment-Flow--f3ec0-s-content-after-page-reload-Mobile-Safari/video.webm
    ────────────────────────────────────────────────────────────────────────────────────────────────

    Error Context: ../../test-results/payment-flow-Payment-Flow--f3ec0-s-content-after-page-reload-Mobile-Safari/error-context.md
]]>
</failure>
<system-out>
<![CDATA[localStorage access blocked, continuing...
On round intro page, clicking Start Round
Error on step 1: page.waitForSelector: Timeout 5000ms exceeded.
Call log:
[2m  - waiting for locator('button:has-text("Start Round"), button:has-text("Next"), button:has-text("Get My Results")') to be visible[22m

Page content: 
    BizModelAIHomeExplore Business IdeasTake QuizYour Best Fit Business Model is Podcasting!Results link sent to delivered@resend.devYour AI-Powered Business BlueprintPersonalized recommendations bas...
Current URL: http://localhost:5173/results
Quiz completed, reached results or loading page

[[ATTACHMENT|payment-flow-Payment-Flow--f3ec0-s-content-after-page-reload-Mobile-Safari/test-failed-1.png]]

[[ATTACHMENT|payment-flow-Payment-Flow--f3ec0-s-content-after-page-reload-Mobile-Safari/video.webm]]

[[ATTACHMENT|payment-flow-Payment-Flow--f3ec0-s-content-after-page-reload-Mobile-Safari/error-context.md]]
]]>
</system-out>
</testcase>
<testcase name="Payment Flow Tests › Debug unlock status logging works" classname="payment-flow.spec.ts" time="22.039">
<failure message="payment-flow.spec.ts:212:3 Debug unlock status logging works" type="FAILURE">
<![CDATA[  [Mobile Safari] › payment-flow.spec.ts:212:3 › Payment Flow Tests › Debug unlock status logging works 

    Error: expect(received).toBeGreaterThan(expected)

    Expected: > 0
    Received:   0

      250 |     
      251 |     // Verify debug logs are present
    > 252 |     expect(consoleLogs.length).toBeGreaterThan(0);
          |                                ^
      253 |   });
      254 | });
      255 |
        at /Users/casey/Main12-1/tests/e2e/payment-flow.spec.ts:252:32

    attachment #1: screenshot (image/png) ──────────────────────────────────────────────────────────
    ../../test-results/payment-flow-Payment-Flow--45d2e-unlock-status-logging-works-Mobile-Safari/test-failed-1.png
    ────────────────────────────────────────────────────────────────────────────────────────────────

    attachment #2: video (video/webm) ──────────────────────────────────────────────────────────────
    ../../test-results/payment-flow-Payment-Flow--45d2e-unlock-status-logging-works-Mobile-Safari/video.webm
    ────────────────────────────────────────────────────────────────────────────────────────────────

    Error Context: ../../test-results/payment-flow-Payment-Flow--45d2e-unlock-status-logging-works-Mobile-Safari/error-context.md
]]>
</failure>
<system-out>
<![CDATA[localStorage access blocked, continuing...
On round intro page, clicking Start Round
Error on step 1: page.waitForSelector: Timeout 5000ms exceeded.
Call log:
[2m  - waiting for locator('button:has-text("Start Round"), button:has-text("Next"), button:has-text("Get My Results")') to be visible[22m

Page content: 
    BizModelAIHomeExplore Business IdeasTake QuizYour Best Fit Business Model is Podcasting!Results link sent to delivered@resend.devYour AI-Powered Business BlueprintPersonalized recommendations bas...
Current URL: http://localhost:5173/results
Quiz completed, reached results or loading page

[[ATTACHMENT|payment-flow-Payment-Flow--45d2e-unlock-status-logging-works-Mobile-Safari/test-failed-1.png]]

[[ATTACHMENT|payment-flow-Payment-Flow--45d2e-unlock-status-logging-works-Mobile-Safari/video.webm]]

[[ATTACHMENT|payment-flow-Payment-Flow--45d2e-unlock-status-logging-works-Mobile-Safari/error-context.md]]
]]>
</system-out>
</testcase>
</testsuite>
</testsuites>